Archive member included to satisfy reference by file (symbol)

e:/eclipse_workspace/software&toolchain/gcc-arm-none-eabi-7-2017-q4-major-win32/bin/../lib/gcc/arm-none-eabi/7.2.1/thumb/v7e-m\libgcc.a(_aeabi_uldivmod.o)
                              ./system/src/stm32f4xx/stm32f4xx_hal_rcc.o (__aeabi_uldivmod)
e:/eclipse_workspace/software&toolchain/gcc-arm-none-eabi-7-2017-q4-major-win32/bin/../lib/gcc/arm-none-eabi/7.2.1/thumb/v7e-m\libgcc.a(_udivmoddi4.o)
                              e:/eclipse_workspace/software&toolchain/gcc-arm-none-eabi-7-2017-q4-major-win32/bin/../lib/gcc/arm-none-eabi/7.2.1/thumb/v7e-m\libgcc.a(_aeabi_uldivmod.o) (__udivmoddi4)
e:/eclipse_workspace/software&toolchain/gcc-arm-none-eabi-7-2017-q4-major-win32/bin/../lib/gcc/arm-none-eabi/7.2.1/thumb/v7e-m\libgcc.a(unwind-arm.o)
                              ./system/src/newlib/_cxx.o (__aeabi_unwind_cpp_pr1)
e:/eclipse_workspace/software&toolchain/gcc-arm-none-eabi-7-2017-q4-major-win32/bin/../lib/gcc/arm-none-eabi/7.2.1/thumb/v7e-m\libgcc.a(libunwind.o)
                              e:/eclipse_workspace/software&toolchain/gcc-arm-none-eabi-7-2017-q4-major-win32/bin/../lib/gcc/arm-none-eabi/7.2.1/thumb/v7e-m\libgcc.a(unwind-arm.o) (restore_core_regs)
e:/eclipse_workspace/software&toolchain/gcc-arm-none-eabi-7-2017-q4-major-win32/bin/../lib/gcc/arm-none-eabi/7.2.1/thumb/v7e-m\libgcc.a(pr-support.o)
                              e:/eclipse_workspace/software&toolchain/gcc-arm-none-eabi-7-2017-q4-major-win32/bin/../lib/gcc/arm-none-eabi/7.2.1/thumb/v7e-m\libgcc.a(unwind-arm.o) (__gnu_unwind_execute)
e:/eclipse_workspace/software&toolchain/gcc-arm-none-eabi-7-2017-q4-major-win32/bin/../lib/gcc/arm-none-eabi/7.2.1/thumb/v7e-m\libgcc.a(_dvmd_tls.o)
                              e:/eclipse_workspace/software&toolchain/gcc-arm-none-eabi-7-2017-q4-major-win32/bin/../lib/gcc/arm-none-eabi/7.2.1/thumb/v7e-m\libgcc.a(_aeabi_uldivmod.o) (__aeabi_ldiv0)
e:/eclipse_workspace/software&toolchain/gcc-arm-none-eabi-7-2017-q4-major-win32/bin/../lib/gcc/arm-none-eabi/7.2.1/../../../../arm-none-eabi/lib/thumb/v7e-m\libg_nano.a(lib_a-errno.o)
                              ./system/src/newlib/_sbrk.o (__errno)
e:/eclipse_workspace/software&toolchain/gcc-arm-none-eabi-7-2017-q4-major-win32/bin/../lib/gcc/arm-none-eabi/7.2.1/../../../../arm-none-eabi/lib/thumb/v7e-m\libg_nano.a(lib_a-impure.o)
                              e:/eclipse_workspace/software&toolchain/gcc-arm-none-eabi-7-2017-q4-major-win32/bin/../lib/gcc/arm-none-eabi/7.2.1/../../../../arm-none-eabi/lib/thumb/v7e-m\libg_nano.a(lib_a-errno.o) (_impure_ptr)
e:/eclipse_workspace/software&toolchain/gcc-arm-none-eabi-7-2017-q4-major-win32/bin/../lib/gcc/arm-none-eabi/7.2.1/../../../../arm-none-eabi/lib/thumb/v7e-m\libg_nano.a(lib_a-init.o)
                              ./system/src/cmsis/startup_stm32f407xx.o (__libc_init_array)
e:/eclipse_workspace/software&toolchain/gcc-arm-none-eabi-7-2017-q4-major-win32/bin/../lib/gcc/arm-none-eabi/7.2.1/../../../../arm-none-eabi/lib/thumb/v7e-m\libg_nano.a(lib_a-memcpy-stub.o)
                              e:/eclipse_workspace/software&toolchain/gcc-arm-none-eabi-7-2017-q4-major-win32/bin/../lib/gcc/arm-none-eabi/7.2.1/thumb/v7e-m\libgcc.a(unwind-arm.o) (memcpy)
e:/eclipse_workspace/software&toolchain/gcc-arm-none-eabi-7-2017-q4-major-win32/bin/../lib/gcc/arm-none-eabi/7.2.1/../../../../arm-none-eabi/lib/thumb/v7e-m\libg_nano.a(lib_a-strlen.o)
                              ./system/src/diag/Trace.o (strlen)
e:/eclipse_workspace/software&toolchain/gcc-arm-none-eabi-7-2017-q4-major-win32/bin/../lib/gcc/arm-none-eabi/7.2.1/../../../../arm-none-eabi/lib/thumb/v7e-m\libg_nano.a(lib_a-vsnprintf.o)
                              ./system/src/diag/Trace.o (vsnprintf)
e:/eclipse_workspace/software&toolchain/gcc-arm-none-eabi-7-2017-q4-major-win32/bin/../lib/gcc/arm-none-eabi/7.2.1/../../../../arm-none-eabi/lib/thumb/v7e-m\libg_nano.a(lib_a-nano-svfprintf.o)
                              e:/eclipse_workspace/software&toolchain/gcc-arm-none-eabi-7-2017-q4-major-win32/bin/../lib/gcc/arm-none-eabi/7.2.1/../../../../arm-none-eabi/lib/thumb/v7e-m\libg_nano.a(lib_a-vsnprintf.o) (_svfprintf_r)
e:/eclipse_workspace/software&toolchain/gcc-arm-none-eabi-7-2017-q4-major-win32/bin/../lib/gcc/arm-none-eabi/7.2.1/../../../../arm-none-eabi/lib/thumb/v7e-m\libg_nano.a(lib_a-nano-vfprintf_i.o)
                              e:/eclipse_workspace/software&toolchain/gcc-arm-none-eabi-7-2017-q4-major-win32/bin/../lib/gcc/arm-none-eabi/7.2.1/../../../../arm-none-eabi/lib/thumb/v7e-m\libg_nano.a(lib_a-nano-svfprintf.o) (_printf_i)
e:/eclipse_workspace/software&toolchain/gcc-arm-none-eabi-7-2017-q4-major-win32/bin/../lib/gcc/arm-none-eabi/7.2.1/../../../../arm-none-eabi/lib/thumb/v7e-m\libg_nano.a(lib_a-memchr.o)
[...]
Memory Configuration

Name             Origin             Length             Attributes
RAM              0x20000000         0x00020000         xrw
CCMRAM           0x10000000         0x00010000         xrw
FLASH            0x08000000         0x00100000         xr
FLASHB1          0x00000000         0x00000000         xr
EXTMEMB0         0x00000000         0x00000000         xr
EXTMEMB1         0x00000000         0x00000000         xr
EXTMEMB2         0x00000000         0x00000000         xr
EXTMEMB3         0x00000000         0x00000000         xr
MEMORY_ARRAY     0x20002000         0x00000020         xrw
*default*        0x00000000         0xffffffff

Linker script and memory map

LOAD ./system/src/stm32f4xx/stm32f4xx_hal.o
LOAD ./system/src/stm32f4xx/stm32f4xx_hal_cortex.o
LOAD ./system/src/stm32f4xx/stm32f4xx_hal_dma.o
LOAD ./system/src/stm32f4xx/stm32f4xx_hal_dma_ex.o
LOAD ./system/src/stm32f4xx/stm32f4xx_hal_flash.o
LOAD ./system/src/stm32f4xx/stm32f4xx_hal_flash_ex.o
LOAD ./system/src/stm32f4xx/stm32f4xx_hal_flash_ramfunc.o
LOAD ./system/src/stm32f4xx/stm32f4xx_hal_gpio.o
LOAD ./system/src/stm32f4xx/stm32f4xx_hal_hcd.o
LOAD ./system/src/stm32f4xx/stm32f4xx_hal_i2c.o
LOAD ./system/src/stm32f4xx/stm32f4xx_hal_i2c_ex.o
LOAD ./system/src/stm32f4xx/stm32f4xx_hal_i2s.o
LOAD ./system/src/stm32f4xx/stm32f4xx_hal_i2s_ex.o
LOAD ./system/src/stm32f4xx/stm32f4xx_hal_pwr.o
LOAD ./system/src/stm32f4xx/stm32f4xx_hal_pwr_ex.o
LOAD ./system/src/stm32f4xx/stm32f4xx_hal_rcc.o
LOAD ./system/src/stm32f4xx/stm32f4xx_hal_rcc_ex.o
LOAD ./system/src/stm32f4xx/stm32f4xx_hal_spi.o
LOAD ./system/src/stm32f4xx/stm32f4xx_hal_tim.o
LOAD ./system/src/stm32f4xx/stm32f4xx_hal_tim_ex.o
LOAD ./system/src/stm32f4xx/stm32f4xx_ll_usb.o
LOAD ./system/src/newlib/_cxx.o
LOAD ./system/src/newlib/_exit.o
LOAD ./system/src/newlib/_sbrk.o
LOAD ./system/src/newlib/_startup.o
LOAD ./system/src/newlib/_syscalls.o
LOAD ./system/src/newlib/assert.o
LOAD ./system/src/diag/Trace.o
LOAD ./system/src/diag/trace_impl.o
LOAD ./system/src/cortexm/_initialize_hardware.o
LOAD ./system/src/cortexm/_reset_hardware.o
LOAD ./system/src/cortexm/exception_handlers.o
LOAD ./system/src/cmsis/startup_stm32f407xx.o
LOAD ./system/src/cmsis/system_stm32f4xx.o
LOAD ./src/Timer.o
LOAD ./src/_write.o
LOAD ./src/main.o
LOAD e:/eclipse_workspace/software&toolchain/gcc-arm-none-eabi-7-2017-q4-major-win32/bin/../lib/gcc/arm-none-eabi/7.2.1/../../../../arm-none-eabi/lib/thumb/v7e-m\libstdc++_nano.a
LOAD e:/eclipse_workspace/software&toolchain/gcc-arm-none-eabi-7-2017-q4-major-win32/bin/../lib/gcc/arm-none-eabi/7.2.1/../../../../arm-none-eabi/lib/thumb/v7e-m\libm.a
START GROUP
LOAD e:/eclipse_workspace/software&toolchain/gcc-arm-none-eabi-7-2017-q4-major-win32/bin/../lib/gcc/arm-none-eabi/7.2.1/thumb/v7e-m\libgcc.a
LOAD e:/eclipse_workspace/software&toolchain/gcc-arm-none-eabi-7-2017-q4-major-win32/bin/../lib/gcc/arm-none-eabi/7.2.1/../../../../arm-none-eabi/lib/thumb/v7e-m\libg_nano.a
LOAD e:/eclipse_workspace/software&toolchain/gcc-arm-none-eabi-7-2017-q4-major-win32/bin/../lib/gcc/arm-none-eabi/7.2.1/../../../../arm-none-eabi/lib/thumb/v7e-m\libc_nano.a
END GROUP
START GROUP
LOAD e:/eclipse_workspace/software&toolchain/gcc-arm-none-eabi-7-2017-q4-major-win32/bin/../lib/gcc/arm-none-eabi/7.2.1/thumb/v7e-m\libgcc.a
LOAD e:/eclipse_workspace/software&toolchain/gcc-arm-none-eabi-7-2017-q4-major-win32/bin/../lib/gcc/arm-none-eabi/7.2.1/../../../../arm-none-eabi/lib/thumb/v7e-m\libc_nano.a
END GROUP
                0x20020000                __stack = (ORIGIN (RAM) + LENGTH (RAM))
                0x20020000                _estack = __stack
                0x00000400                __Main_Stack_Size = 0x400
                [!provide]                PROVIDE (_Main_Stack_Size, __Main_Stack_Size)
                0x2001fc00                __Main_Stack_Limit = (__stack - __Main_Stack_Size)
                [!provide]                PROVIDE (_Main_Stack_Limit, __Main_Stack_Limit)
                0x00000100                _Minimum_Stack_Size = 0x100
                0x20000120                PROVIDE (_Heap_Begin, _end_noinit)
                0x2001fc00                PROVIDE (_Heap_Limit, (__stack - __Main_Stack_Size))

.isr_vector     0x08000000      0x3c8
 FILL mask 0xff
                0x08000000                __vectors_start = ABSOLUTE (.)
                0x08000000                __vectors_start__ = ABSOLUTE (.)
 *(.isr_vector)
 .isr_vector    0x08000000      0x188 ./system/src/cmsis/startup_stm32f407xx.o
                0x08000000                g_pfnVectors
 *(.cfmconfig)
 *(.after_vectors .after_vectors.*)
 .after_vectors
                0x08000188      0x114 ./system/src/newlib/_startup.o
                0x08000188                _start
 .after_vectors
                0x0800029c      0x12c ./system/src/cortexm/exception_handlers.o
                0x0800029c                Reset_Handler
                0x080002a2                NMI_Handler
                0x080002a6                HardFault_Handler
                0x080002ba                HardFault_Handler_C
                0x08000318                MemManage_Handler
                0x0800031c                BusFault_Handler
                0x08000330                BusFault_Handler_C
                0x08000364                UsageFault_Handler
                0x08000378                UsageFault_Handler_C
                0x080003ac                SVC_Handler
                0x080003b0                DebugMon_Handler
                0x080003b4                PendSV_Handler

.inits          0x080003c8       0x28
                0x080003c8                __data_regions_array_start = .
                0x080003c8        0x4 LONG 0x80013c8 LOADADDR (.data)
                0x080003cc        0x4 LONG 0x20000000 ADDR (.data)
                0x080003d0        0x4 LONG 0x20000080 (ADDR (.data) + SIZEOF (.data))
                0x080003d4        0x4 LONG 0x80013c8 LOADADDR (.data_CCMRAM)
                0x080003d8        0x4 LONG 0x10000000 ADDR (.data_CCMRAM)
                0x080003dc        0x4 LONG 0x10000000 (ADDR (.data_CCMRAM) + SIZEOF (.data_CCMRAM))
                0x080003e0                __data_regions_array_end = .
                0x080003e0                __bss_regions_array_start = .
                0x080003e0        0x4 LONG 0x20000080 ADDR (.bss)
                0x080003e4        0x4 LONG 0x20000120 (ADDR (.bss) + SIZEOF (.bss))
                0x080003e8        0x4 LONG 0x10000000 ADDR (.bss_CCMRAM)
                0x080003ec        0x4 LONG 0x10000000 (ADDR (.bss_CCMRAM) + SIZEOF (.bss_CCMRAM))
                0x080003f0                __bss_regions_array_end = .
 *(.init)
 *(.fini)
                0x080003f0                . = ALIGN (0x4)
                0x080003f0                PROVIDE (__preinit_array_start, .)
 *(.preinit_array_sysinit .preinit_array_sysinit.*)
 *(.preinit_array_platform .preinit_array_platform.*)
 *(.preinit_array .preinit_array.*)
                0x080003f0                PROVIDE (__preinit_array_end, .)
                0x080003f0                . = ALIGN (0x4)
                0x080003f0                PROVIDE (__init_array_start, .)
 *(SORT_BY_NAME(.init_array.*))
 *(.init_array)
                0x080003f0                PROVIDE (__init_array_end, .)
                0x080003f0                . = ALIGN (0x4)
                0x080003f0                PROVIDE (__fini_array_start, .)
 *(SORT_BY_NAME(.fini_array.*))
 *(.fini_array)
                0x080003f0                PROVIDE (__fini_array_end, .)

.flashtext
 *(.flashtext .flashtext.*)

.text           0x080003f0      0xfd7
 *(.text .text.*)
 .text.HAL_MspInit
                0x080003f0        0x2 ./system/src/stm32f4xx/stm32f4xx_hal.o
                0x080003f0                HAL_MspInit
 *fill*         0x080003f2        0x2 
 .text.HAL_InitTick
                0x080003f4       0x4c ./system/src/stm32f4xx/stm32f4xx_hal.o
                0x080003f4                HAL_InitTick
 .text.HAL_Init
                0x08000440       0x34 ./system/src/stm32f4xx/stm32f4xx_hal.o
                0x08000440                HAL_Init
 .text.HAL_NVIC_SetPriorityGrouping
                0x08000474       0x24 ./system/src/stm32f4xx/stm32f4xx_hal_cortex.o
                0x08000474                HAL_NVIC_SetPriorityGrouping
 .text.HAL_NVIC_SetPriority
                0x08000498       0x68 ./system/src/stm32f4xx/stm32f4xx_hal_cortex.o
                0x08000498                HAL_NVIC_SetPriority
 .text.HAL_SYSTICK_Config
                0x08000500       0x2c ./system/src/stm32f4xx/stm32f4xx_hal_cortex.o
                0x08000500                HAL_SYSTICK_Config
 .text._exit    0x0800052c        0x2 ./system/src/newlib/_exit.o
                0x0800052c                _exit
 *fill*         0x0800052e        0x2 
 .text._sbrk    0x08000530       0x44 ./system/src/newlib/_sbrk.o
                0x08000530                _sbrk
 .text.__initialize_args
                0x08000574       0x10 ./system/src/newlib/_syscalls.o
                0x08000574                __initialize_args
 .text.trace_printf
                0x08000584       0x30 ./system/src/diag/Trace.o
                0x08000584                trace_printf
 .text.trace_puts
                0x080005b4       0x20 ./system/src/diag/Trace.o
                0x080005b4                trace_puts
 .text._trace_write_semihosting_debug
                0x080005d4       0x60 ./system/src/diag/trace_impl.o
 .text.trace_write
                0x08000634        0x8 ./system/src/diag/trace_impl.o
                0x08000634                trace_write
 .text.__initialize_hardware_early
                0x0800063c       0x18 ./system/src/cortexm/_initialize_hardware.o
                0x0800063c                __initialize_hardware_early
 .text.__initialize_hardware
                0x08000654        0x8 ./system/src/cortexm/_initialize_hardware.o
                0x08000654                __initialize_hardware
 .text.dumpExceptionStack
                0x0800065c       0xf4 ./system/src/cortexm/exception_handlers.o
                0x0800065c                dumpExceptionStack
 .text.isSemihosting
                0x08000750       0x20 ./system/src/cortexm/exception_handlers.o
                0x08000750                isSemihosting
 .text.Default_Handler
                0x08000770        0x2 ./system/src/cmsis/startup_stm32f407xx.o
                0x08000770                RTC_Alarm_IRQHandler
                0x08000770                HASH_RNG_IRQHandler
                0x08000770                EXTI2_IRQHandler
                0x08000770                TIM8_CC_IRQHandler
                0x08000770                TIM1_CC_IRQHandler
                0x08000770                DMA2_Stream5_IRQHandler
                0x08000770                DMA1_Stream5_IRQHandler
                0x08000770                PVD_IRQHandler
                0x08000770                SDIO_IRQHandler
                0x08000770                TAMP_STAMP_IRQHandler
                0x08000770                CAN2_RX1_IRQHandler
                0x08000770                EXTI3_IRQHandler
                0x08000770                TIM8_TRG_COM_TIM14_IRQHandler
                0x08000770                TIM1_UP_TIM10_IRQHandler
                0x08000770                TIM8_UP_TIM13_IRQHandler
                0x08000770                I2C3_ER_IRQHandler
                0x08000770                EXTI0_IRQHandler
                0x08000770                I2C2_EV_IRQHandler
                0x08000770                DMA1_Stream2_IRQHandler
                0x08000770                CAN1_RX0_IRQHandler
                0x08000770                FPU_IRQHandler
                0x08000770                OTG_HS_WKUP_IRQHandler
                0x08000770                CAN2_SCE_IRQHandler
                0x08000770                DMA2_Stream2_IRQHandler
                0x08000770                SPI1_IRQHandler
                0x08000770                TIM6_DAC_IRQHandler
                0x08000770                TIM1_BRK_TIM9_IRQHandler
                0x08000770                DCMI_IRQHandler
                0x08000770                CAN2_RX0_IRQHandler
                0x08000770                DMA2_Stream3_IRQHandler
                0x08000770                USART6_IRQHandler
                0x08000770                USART3_IRQHandler
                0x08000770                CAN1_RX1_IRQHandler
                0x08000770                UART5_IRQHandler
                0x08000770                DMA2_Stream0_IRQHandler
                0x08000770                TIM4_IRQHandler
                0x08000770                I2C1_EV_IRQHandler
                0x08000770                DMA1_Stream6_IRQHandler
                0x08000770                DMA1_Stream1_IRQHandler
                0x08000770                UART4_IRQHandler
                0x08000770                TIM3_IRQHandler
                0x08000770                RCC_IRQHandler
                0x08000770                TIM8_BRK_TIM12_IRQHandler
                0x08000770                Default_Handler
                0x08000770                EXTI15_10_IRQHandler
                0x08000770                ADC_IRQHandler
                0x08000770                DMA1_Stream7_IRQHandler
                0x08000770                TIM7_IRQHandler
                0x08000770                CAN2_TX_IRQHandler
                0x08000770                TIM5_IRQHandler
                0x08000770                DMA2_Stream7_IRQHandler
                0x08000770                I2C3_EV_IRQHandler
                0x08000770                EXTI9_5_IRQHandler
                0x08000770                RTC_WKUP_IRQHandler
                0x08000770                ETH_WKUP_IRQHandler
                0x08000770                SPI2_IRQHandler
                0x08000770                OTG_HS_EP1_IN_IRQHandler
                0x08000770                DMA1_Stream0_IRQHandler
                0x08000770                CAN1_TX_IRQHandler
                0x08000770                EXTI4_IRQHandler
                0x08000770                FSMC_IRQHandler
                0x08000770                ETH_IRQHandler
                0x08000770                OTG_HS_EP1_OUT_IRQHandler
                0x08000770                WWDG_IRQHandler
                0x08000770                TIM2_IRQHandler
                0x08000770                OTG_FS_WKUP_IRQHandler
                0x08000770                TIM1_TRG_COM_TIM11_IRQHandler
                0x08000770                OTG_HS_IRQHandler
                0x08000770                EXTI1_IRQHandler
                0x08000770                USART2_IRQHandler
                0x08000770                I2C2_ER_IRQHandler
                0x08000770                DMA2_Stream1_IRQHandler
                0x08000770                CAN1_SCE_IRQHandler
                0x08000770                FLASH_IRQHandler
                0x08000770                DMA2_Stream4_IRQHandler
                0x08000770                USART1_IRQHandler
                0x08000770                OTG_FS_IRQHandler
                0x08000770                SPI3_IRQHandler
                0x08000770                DMA1_Stream4_IRQHandler
                0x08000770                I2C1_ER_IRQHandler
                0x08000770                DMA2_Stream6_IRQHandler
                0x08000770                DMA1_Stream3_IRQHandler
 *fill*         0x08000772        0x2 
 .text.SystemInit
                0x08000774       0x40 ./system/src/cmsis/system_stm32f4xx.o
                0x08000774                SystemInit
 .text.SystemCoreClockUpdate
                0x080007b4       0xa0 ./system/src/cmsis/system_stm32f4xx.o
                0x080007b4                SystemCoreClockUpdate
 .text.timer_start
                0x08000854       0x3c ./src/Timer.o
                0x08000854                timer_start
 .text.timer_sleep
                0x08000890       0x14 ./src/Timer.o
                0x08000890                timer_sleep
 .text.timer_tick
                0x080008a4       0x14 ./src/Timer.o
                0x080008a4                timer_tick
 .text.SysTick_Handler
                0x080008b8        0x8 ./src/Timer.o
                0x080008b8                SysTick_Handler
 .text.main     0x080008c0       0x40 ./src/main.o
                0x080008c0                main
 .text.__errno  0x08000900        0xc e:/eclipse_workspace/software&toolchain/gcc-arm-none-eabi-7-2017-q4-major-win32/bin/../lib/gcc/arm-none-eabi/7.2.1/../../../../arm-none-eabi/lib/thumb/v7e-m\libg_nano.a(lib_a-errno.o)
                0x08000900                __errno
 .text.memcpy   0x0800090c       0x16 e:/eclipse_workspace/software&toolchain/gcc-arm-none-eabi-7-2017-q4-major-win32/bin/../lib/gcc/arm-none-eabi/7.2.1/../../../../arm-none-eabi/lib/thumb/v7e-m\libg_nano.a(lib_a-memcpy-stub.o)
                0x0800090c                memcpy
 .text          0x08000922       0x10 e:/eclipse_workspace/software&toolchain/gcc-arm-none-eabi-7-2017-q4-major-win32/bin/../lib/gcc/arm-none-eabi/7.2.1/../../../../arm-none-eabi/lib/thumb/v7e-m\libg_nano.a(lib_a-strlen.o)
                0x08000922                strlen
 .text._vsnprintf_r
                0x08000932       0x58 e:/eclipse_workspace/software&toolchain/gcc-arm-none-eabi-7-2017-q4-major-win32/bin/../lib/gcc/arm-none-eabi/7.2.1/../../../../arm-none-eabi/lib/thumb/v7e-m\libg_nano.a(lib_a-vsnprintf.o)
                0x08000932                _vsniprintf_r
                0x08000932                _vsnprintf_r
 *fill*         0x0800098a        0x2 
 .text.vsnprintf
                0x0800098c       0x1c e:/eclipse_workspace/software&toolchain/gcc-arm-none-eabi-7-2017-q4-major-win32/bin/../lib/gcc/arm-none-eabi/7.2.1/../../../../arm-none-eabi/lib/thumb/v7e-m\libg_nano.a(lib_a-vsnprintf.o)
                0x0800098c                vsniprintf
                0x0800098c                vsnprintf
 .text.__ssputs_r
                0x080009a8       0xb4 e:/eclipse_workspace/software&toolchain/gcc-arm-none-eabi-7-2017-q4-major-win32/bin/../lib/gcc/arm-none-eabi/7.2.1/../../../../arm-none-eabi/lib/thumb/v7e-m\libg_nano.a(lib_a-nano-svfprintf.o)
                0x080009a8                __ssputs_r
 .text._svfprintf_r
                0x08000a5c      0x1ec e:/eclipse_workspace/software&toolchain/gcc-arm-none-eabi-7-2017-q4-major-win32/bin/../lib/gcc/arm-none-eabi/7.2.1/../../../../arm-none-eabi/lib/thumb/v7e-m\libg_nano.a(lib_a-nano-svfprintf.o)
                0x08000a5c                _svfiprintf_r
                0x08000a5c                _svfprintf_r
 .text._printf_common
                0x08000c48       0xea e:/eclipse_workspace/software&toolchain/gcc-arm-none-eabi-7-2017-q4-major-win32/bin/../lib/gcc/arm-none-eabi/7.2.1/../../../../arm-none-eabi/lib/thumb/v7e-m\libg_nano.a(lib_a-nano-vfprintf_i.o)
                0x08000c48                _printf_common
 *fill*         0x08000d32        0x2 
 .text._printf_i
                0x08000d34      0x224 e:/eclipse_workspace/software&toolchain/gcc-arm-none-eabi-7-2017-q4-major-win32/bin/../lib/gcc/arm-none-eabi/7.2.1/../../../../arm-none-eabi/lib/thumb/v7e-m\libg_nano.a(lib_a-nano-vfprintf_i.o)
                0x08000d34                _printf_i
 *fill*         0x08000f58        0x8 
 .text          0x08000f60       0xa0 e:/eclipse_workspace/software&toolchain/gcc-arm-none-eabi-7-2017-q4-major-win32/bin/../lib/gcc/arm-none-eabi/7.2.1/../../../../arm-none-eabi/lib/thumb/v7e-m\libg_nano.a(lib_a-memchr.o)
                0x08000f60                memchr
 .text.memmove  0x08001000       0x32 e:/eclipse_workspace/software&toolchain/gcc-arm-none-eabi-7-2017-q4-major-win32/bin/../lib/gcc/arm-none-eabi/7.2.1/../../../../arm-none-eabi/lib/thumb/v7e-m\libg_nano.a(lib_a-memmove.o)
                0x08001000                memmove
 *fill*         0x08001032        0x2 
 .text._free_r  0x08001034       0x9c e:/eclipse_workspace/software&toolchain/gcc-arm-none-eabi-7-2017-q4-major-win32/bin/../lib/gcc/arm-none-eabi/7.2.1/../../../../arm-none-eabi/lib/thumb/v7e-m\libg_nano.a(lib_a-nano-freer.o)
                0x08001034                _free_r
 .text._malloc_r
                0x080010d0       0xb4 e:/eclipse_workspace/software&toolchain/gcc-arm-none-eabi-7-2017-q4-major-win32/bin/../lib/gcc/arm-none-eabi/7.2.1/../../../../arm-none-eabi/lib/thumb/v7e-m\libg_nano.a(lib_a-nano-mallocr.o)
                0x080010d0                _malloc_r
 .text._realloc_r
                0x08001184       0x4c e:/eclipse_workspace/software&toolchain/gcc-arm-none-eabi-7-2017-q4-major-win32/bin/../lib/gcc/arm-none-eabi/7.2.1/../../../../arm-none-eabi/lib/thumb/v7e-m\libg_nano.a(lib_a-nano-reallocr.o)
                0x08001184                _realloc_r
 .text._sbrk_r  0x080011d0       0x20 e:/eclipse_workspace/software&toolchain/gcc-arm-none-eabi-7-2017-q4-major-win32/bin/../lib/gcc/arm-none-eabi/7.2.1/../../../../arm-none-eabi/lib/thumb/v7e-m\libg_nano.a(lib_a-sbrkr.o)
                0x080011d0                _sbrk_r
 .text.__malloc_lock
                0x080011f0        0x2 e:/eclipse_workspace/software&toolchain/gcc-arm-none-eabi-7-2017-q4-major-win32/bin/../lib/gcc/arm-none-eabi/7.2.1/../../../../arm-none-eabi/lib/thumb/v7e-m\libg_nano.a(lib_a-mlock.o)
                0x080011f0                __malloc_lock
 .text.__malloc_unlock
                0x080011f2        0x2 e:/eclipse_workspace/software&toolchain/gcc-arm-none-eabi-7-2017-q4-major-win32/bin/../lib/gcc/arm-none-eabi/7.2.1/../../../../arm-none-eabi/lib/thumb/v7e-m\libg_nano.a(lib_a-mlock.o)
                0x080011f2                __malloc_unlock
 .text._malloc_usable_size_r
                0x080011f4       0x10 e:/eclipse_workspace/software&toolchain/gcc-arm-none-eabi-7-2017-q4-major-win32/bin/../lib/gcc/arm-none-eabi/7.2.1/../../../../arm-none-eabi/lib/thumb/v7e-m\libg_nano.a(lib_a-nano-msizer.o)
                0x080011f4                _malloc_usable_size_r
 *(.rodata .rodata.* .constdata .constdata.*)
 .rodata.trace_puts.str1.4
                0x08001204        0x0 ./system/src/diag/Trace.o
                                  0x2 (size before relaxing)
 .rodata.dumpExceptionStack.str1.4
                0x08001204      0x11a ./system/src/cortexm/exception_handlers.o
 *fill*         0x0800131e        0x2 
 .rodata.str1.4
                0x08001320       0x2a ./system/src/cortexm/exception_handlers.o
 *fill*         0x0800134a        0x2 
 .rodata.AHBPrescTable
                0x0800134c       0x10 ./system/src/cmsis/system_stm32f4xx.o
                0x0800134c                AHBPrescTable
 .rodata.main.str1.4
                0x0800135c       0x38 ./src/main.o
                                 0x37 (size before relaxing)
 .rodata._svfprintf_r.str1.1
                0x08001394       0x11 e:/eclipse_workspace/software&toolchain/gcc-arm-none-eabi-7-2017-q4-major-win32/bin/../lib/gcc/arm-none-eabi/7.2.1/../../../../arm-none-eabi/lib/thumb/v7e-m\libg_nano.a(lib_a-nano-svfprintf.o)
 .rodata._printf_i.str1.1
                0x080013a5       0x22 e:/eclipse_workspace/software&toolchain/gcc-arm-none-eabi-7-2017-q4-major-win32/bin/../lib/gcc/arm-none-eabi/7.2.1/../../../../arm-none-eabi/lib/thumb/v7e-m\libg_nano.a(lib_a-nano-vfprintf_i.o)
 *(vtable)
 *(.eh_frame*)
 *(.glue_7)
 .glue_7        0x080013c7        0x0 linker stubs
 *(.glue_7t)
 .glue_7t       0x080013c7        0x0 linker stubs

.vfp11_veneer   0x080013c8        0x0
 .vfp11_veneer  0x080013c8        0x0 linker stubs

.v4_bx          0x080013c8        0x0
 .v4_bx         0x080013c8        0x0 linker stubs

.iplt           0x080013c8        0x0
 .iplt          0x080013c8        0x0 ./system/src/stm32f4xx/stm32f4xx_hal.o

.rel.dyn        0x080013c8        0x0
 .rel.iplt      0x080013c8        0x0 ./system/src/stm32f4xx/stm32f4xx_hal.o

.ARM.extab
 *(.ARM.extab* .gnu.linkonce.armextab.*)
                0x080013c8                . = ALIGN (0x4)
                0x080013c8                __exidx_start = .

.ARM.exidx
 *(.ARM.exidx* .gnu.linkonce.armexidx.*)
                0x080013c8                __exidx_end = .
                0x080013c8                . = ALIGN (0x4)
                0x080013c8                _etext = .
                0x080013c8                __etext = .

.data_CCMRAM    0x10000000        0x0 load address 0x080013c8
 FILL mask 0xff
 *(.data.CCMRAM .data.CCMRAM.*)
                0x10000000                . = ALIGN (0x4)
                0x080013c8                _sidata = LOADADDR (.data)

.data           0x20000000       0x80 load address 0x080013c8
 FILL mask 0xff
                0x20000000                _sdata = .
                0x20000000                __data_start__ = .
 *(.data_begin .data_begin.*)
 .data_begin    0x20000000        0x4 ./system/src/newlib/_startup.o
 *(.data .data.*)
 .data.uwTickFreq
                0x20000004        0x1 ./system/src/stm32f4xx/stm32f4xx_hal.o
                0x20000004                uwTickFreq
 *fill*         0x20000005        0x3 ff
 .data.uwTickPrio
                0x20000008        0x4 ./system/src/stm32f4xx/stm32f4xx_hal.o
                0x20000008                uwTickPrio
 .data.argv.4310
                0x2000000c        0x8 ./system/src/newlib/_syscalls.o
 .data.SystemCoreClock
                0x20000014        0x4 ./system/src/cmsis/system_stm32f4xx.o
                0x20000014                SystemCoreClock
 .data._impure_ptr
                0x20000018        0x4 e:/eclipse_workspace/software&toolchain/gcc-arm-none-eabi-7-2017-q4-major-win32/bin/../lib/gcc/arm-none-eabi/7.2.1/../../../../arm-none-eabi/lib/thumb/v7e-m\libg_nano.a(lib_a-impure.o)
                0x20000018                _impure_ptr
 .data.impure_data
                0x2000001c       0x60 e:/eclipse_workspace/software&toolchain/gcc-arm-none-eabi-7-2017-q4-major-win32/bin/../lib/gcc/arm-none-eabi/7.2.1/../../../../arm-none-eabi/lib/thumb/v7e-m\libg_nano.a(lib_a-impure.o)
 *(.data_end .data_end.*)
 .data_end      0x2000007c        0x4 ./system/src/newlib/_startup.o
                0x20000080                . = ALIGN (0x4)
                0x20000080                _edata = .
                0x20000080                __data_end__ = .

.igot.plt       0x20000080        0x0 load address 0x08001448
 .igot.plt      0x20000080        0x0 ./system/src/stm32f4xx/stm32f4xx_hal.o

.bss_CCMRAM     0x10000000        0x0
 *(.bss.CCMRAM .bss.CCMRAM.*)

.bss            0x20000080       0xa0
                0x20000080                __bss_start__ = .
                0x20000080                _sbss = .
 *(.bss_begin .bss_begin.*)
 .bss_begin     0x20000080        0x4 ./system/src/newlib/_startup.o
 *(.bss .bss.*)
 .bss.current_heap_end.3961
                0x20000084        0x4 ./system/src/newlib/_sbrk.o
 .bss.name.4309
                0x20000088        0x1 ./system/src/newlib/_syscalls.o
 *fill*         0x20000089        0x3 
 .bss.buf.5205  0x2000008c       0x80 ./system/src/diag/Trace.o
 .bss.__malloc_free_list
                0x2000010c        0x4 e:/eclipse_workspace/software&toolchain/gcc-arm-none-eabi-7-2017-q4-major-win32/bin/../lib/gcc/arm-none-eabi/7.2.1/../../../../arm-none-eabi/lib/thumb/v7e-m\libg_nano.a(lib_a-nano-mallocr.o)
                0x2000010c                __malloc_free_list
 .bss.__malloc_sbrk_start
                0x20000110        0x4 e:/eclipse_workspace/software&toolchain/gcc-arm-none-eabi-7-2017-q4-major-win32/bin/../lib/gcc/arm-none-eabi/7.2.1/../../../../arm-none-eabi/lib/thumb/v7e-m\libg_nano.a(lib_a-nano-mallocr.o)
                0x20000110                __malloc_sbrk_start
 *(COMMON)
 COMMON         0x20000114        0x4 ./system/src/newlib/_syscalls.o
                0x20000114                errno
 COMMON         0x20000118        0x4 ./src/Timer.o
                0x20000118                timer_delayCount
 *(.bss_end .bss_end.*)
 .bss_end       0x2000011c        0x4 ./system/src/newlib/_startup.o
                0x20000120                . = ALIGN (0x4)
                0x20000120                __bss_end__ = .
                0x20000120                _ebss = .

.noinit_CCMRAM
 *(.noinit.CCMRAM .noinit.CCMRAM.*)

.noinit         0x20000120        0x0
                0x20000120                _noinit = .
 *(.noinit .noinit.*)
                0x20000120                . = ALIGN (0x4)
                0x20000120                _end_noinit = .
                [!provide]                PROVIDE (end, _end_noinit)
                [!provide]                PROVIDE (_end, _end_noinit)
                [!provide]                PROVIDE (__end, _end_noinit)
                [!provide]                PROVIDE (__end__, _end_noinit)

._check_stack   0x20000120      0x100
                0x20000220                . = (. + _Minimum_Stack_Size)
 *fill*         0x20000120      0x100 

.b1text
 *(.b1text)
 *(.b1rodata)
 *(.b1rodata.*)

.eb0text
 *(.eb0text)
 *(.eb0rodata)
 *(.eb0rodata.*)

.eb1text
 *(.eb1text)
 *(.eb1rodata)
 *(.eb1rodata.*)

.eb2text
 *(.eb2text)
 *(.eb2rodata)
 *(.eb2rodata.*)

.eb3text
 *(.eb3text)
 *(.eb3rodata)
 *(.eb3rodata.*)

.stab
 *(.stab)

.stabstr
 *(.stabstr)

.stab.excl
 *(.stab.excl)

.stab.exclstr
 *(.stab.exclstr)

.stab.index
 *(.stab.index)

.stab.indexstr
 *(.stab.indexstr)

.comment        0x00000000       0x7e
 *(.comment)
 .comment       0x00000000       0x7e ./system/src/stm32f4xx/stm32f4xx_hal.o
                                 0x7f (size before relaxing)
 .comment       0x0000007e       0x7f ./system/src/stm32f4xx/stm32f4xx_hal_cortex.o
 .comment       0x0000007e       0x7f ./system/src/newlib/_exit.o
 .comment       0x0000007e       0x7f ./system/src/newlib/_sbrk.o
 .comment       0x0000007e       0x7f ./system/src/newlib/_startup.o
 .comment       0x0000007e       0x7f ./system/src/newlib/_syscalls.o
 .comment       0x0000007e       0x7f ./system/src/diag/Trace.o
 .comment       0x0000007e       0x7f ./system/src/diag/trace_impl.o
 .comment       0x0000007e       0x7f ./system/src/cortexm/_initialize_hardware.o
 .comment       0x0000007e       0x7f ./system/src/cortexm/exception_handlers.o
 .comment       0x0000007e       0x7f ./system/src/cmsis/system_stm32f4xx.o
 .comment       0x0000007e       0x7f ./src/Timer.o
 .comment       0x0000007e       0x7f ./src/main.o

.ARM.attributes
                0x00000000       0x31
 .ARM.attributes
                0x00000000       0x33 ./system/src/stm32f4xx/stm32f4xx_hal.o
 .ARM.attributes
                0x00000033       0x33 ./system/src/stm32f4xx/stm32f4xx_hal_cortex.o
 .ARM.attributes
                0x00000066       0x33 ./system/src/newlib/_exit.o
 .ARM.attributes
                0x00000099       0x33 ./system/src/newlib/_sbrk.o
 .ARM.attributes
                0x000000cc       0x33 ./system/src/newlib/_startup.o
 .ARM.attributes
                0x000000ff       0x33 ./system/src/newlib/_syscalls.o
 .ARM.attributes
                0x00000132       0x33 ./system/src/diag/Trace.o
 .ARM.attributes
                0x00000165       0x33 ./system/src/diag/trace_impl.o
 .ARM.attributes
                0x00000198       0x33 ./system/src/cortexm/_initialize_hardware.o
 .ARM.attributes
                0x000001cb       0x33 ./system/src/cortexm/exception_handlers.o
 .ARM.attributes
                0x000001fe       0x21 ./system/src/cmsis/startup_stm32f407xx.o
 .ARM.attributes
                0x0000021f       0x33 ./system/src/cmsis/system_stm32f4xx.o
 .ARM.attributes
                0x00000252       0x33 ./src/Timer.o
 .ARM.attributes
                0x00000285       0x33 ./src/main.o
 .ARM.attributes
                0x000002b8       0x2e e:/eclipse_workspace/software&toolchain/gcc-arm-none-eabi-7-2017-q4-major-win32/bin/../lib/gcc/arm-none-eabi/7.2.1/../../../../arm-none-eabi/lib/thumb/v7e-m\libg_nano.a(lib_a-errno.o)
 .ARM.attributes
                0x000002e6       0x2e e:/eclipse_workspace/software&toolchain/gcc-arm-none-eabi-7-2017-q4-major-win32/bin/../lib/gcc/arm-none-eabi/7.2.1/../../../../arm-none-eabi/lib/thumb/v7e-m\libg_nano.a(lib_a-impure.o)
 .ARM.attributes
                0x00000314       0x2e e:/eclipse_workspace/software&toolchain/gcc-arm-none-eabi-7-2017-q4-major-win32/bin/../lib/gcc/arm-none-eabi/7.2.1/../../../../arm-none-eabi/lib/thumb/v7e-m\libg_nano.a(lib_a-memcpy-stub.o)
 .ARM.attributes
                0x00000342       0x17 e:/eclipse_workspace/software&toolchain/gcc-arm-none-eabi-7-2017-q4-major-win32/bin/../lib/gcc/arm-none-eabi/7.2.1/../../../../arm-none-eabi/lib/thumb/v7e-m\libg_nano.a(lib_a-strlen.o)
 .ARM.attributes
                0x00000359       0x2e e:/eclipse_workspace/software&toolchain/gcc-arm-none-eabi-7-2017-q4-major-win32/bin/../lib/gcc/arm-none-eabi/7.2.1/../../../../arm-none-eabi/lib/thumb/v7e-m\libg_nano.a(lib_a-vsnprintf.o)
 .ARM.attributes
                0x00000387       0x2e e:/eclipse_workspace/software&toolchain/gcc-arm-none-eabi-7-2017-q4-major-win32/bin/../lib/gcc/arm-none-eabi/7.2.1/../../../../arm-none-eabi/lib/thumb/v7e-m\libg_nano.a(lib_a-nano-svfprintf.o)
 .ARM.attributes
                0x000003b5       0x2e e:/eclipse_workspace/software&toolchain/gcc-arm-none-eabi-7-2017-q4-major-win32/bin/../lib/gcc/arm-none-eabi/7.2.1/../../../../arm-none-eabi/lib/thumb/v7e-m\libg_nano.a(lib_a-nano-vfprintf_i.o)
 .ARM.attributes
                0x000003e3       0x1c e:/eclipse_workspace/software&toolchain/gcc-arm-none-eabi-7-2017-q4-major-win32/bin/../lib/gcc/arm-none-eabi/7.2.1/../../../../arm-none-eabi/lib/thumb/v7e-m\libg_nano.a(lib_a-memchr.o)
 .ARM.attributes
                0x000003ff       0x2e e:/eclipse_workspace/software&toolchain/gcc-arm-none-eabi-7-2017-q4-major-win32/bin/../lib/gcc/arm-none-eabi/7.2.1/../../../../arm-none-eabi/lib/thumb/v7e-m\libg_nano.a(lib_a-memmove.o)
 .ARM.attributes
                0x0000042d       0x2e e:/eclipse_workspace/software&toolchain/gcc-arm-none-eabi-7-2017-q4-major-win32/bin/../lib/gcc/arm-none-eabi/7.2.1/../../../../arm-none-eabi/lib/thumb/v7e-m\libg_nano.a(lib_a-nano-freer.o)
 .ARM.attributes
                0x0000045b       0x2e e:/eclipse_workspace/software&toolchain/gcc-arm-none-eabi-7-2017-q4-major-win32/bin/../lib/gcc/arm-none-eabi/7.2.1/../../../../arm-none-eabi/lib/thumb/v7e-m\libg_nano.a(lib_a-nano-mallocr.o)
 .ARM.attributes
                0x00000489       0x2e e:/eclipse_workspace/software&toolchain/gcc-arm-none-eabi-7-2017-q4-major-win32/bin/../lib/gcc/arm-none-eabi/7.2.1/../../../../arm-none-eabi/lib/thumb/v7e-m\libg_nano.a(lib_a-nano-reallocr.o)
 .ARM.attributes
                0x000004b7       0x2e e:/eclipse_workspace/software&toolchain/gcc-arm-none-eabi-7-2017-q4-major-win32/bin/../lib/gcc/arm-none-eabi/7.2.1/../../../../arm-none-eabi/lib/thumb/v7e-m\libg_nano.a(lib_a-sbrkr.o)
 .ARM.attributes
                0x000004e5       0x2e e:/eclipse_workspace/software&toolchain/gcc-arm-none-eabi-7-2017-q4-major-win32/bin/../lib/gcc/arm-none-eabi/7.2.1/../../../../arm-none-eabi/lib/thumb/v7e-m\libg_nano.a(lib_a-mlock.o)
 .ARM.attributes
                0x00000513       0x2e e:/eclipse_workspace/software&toolchain/gcc-arm-none-eabi-7-2017-q4-major-win32/bin/../lib/gcc/arm-none-eabi/7.2.1/../../../../arm-none-eabi/lib/thumb/v7e-m\libg_nano.a(lib_a-nano-msizer.o)

.debug
 *(.debug)

.line
 *(.line)

.debug_srcinfo
 *(.debug_srcinfo)

.debug_sfnames
 *(.debug_sfnames)

.debug_aranges  0x00000000      0x408
 *(.debug_aranges)
 .debug_aranges
                0x00000000       0xe0 ./system/src/stm32f4xx/stm32f4xx_hal.o
 .debug_aranges
                0x000000e0       0xa8 ./system/src/stm32f4xx/stm32f4xx_hal_cortex.o
 .debug_aranges
                0x00000188       0x28 ./system/src/newlib/_exit.o
 .debug_aranges
                0x000001b0       0x20 ./system/src/newlib/_sbrk.o
 .debug_aranges
                0x000001d0       0x40 ./system/src/newlib/_startup.o
 .debug_aranges
                0x00000210       0x30 ./system/src/newlib/_syscalls.o
 .debug_aranges
                0x00000240       0x38 ./system/src/diag/Trace.o
 .debug_aranges
                0x00000278       0x30 ./system/src/diag/trace_impl.o
 .debug_aranges
                0x000002a8       0x28 ./system/src/cortexm/_initialize_hardware.o
 .debug_aranges
                0x000002d0       0x90 ./system/src/cortexm/exception_handlers.o
 .debug_aranges
                0x00000360       0x28 ./system/src/cmsis/startup_stm32f407xx.o
 .debug_aranges
                0x00000388       0x28 ./system/src/cmsis/system_stm32f4xx.o
 .debug_aranges
                0x000003b0       0x38 ./src/Timer.o
 .debug_aranges
                0x000003e8       0x20 ./src/main.o

.debug_pubnames
 *(.debug_pubnames)

.debug_info     0x00000000     0x842d
 *(.debug_info .gnu.linkonce.wi.*)
 .debug_info    0x00000000     0x11b8 ./system/src/stm32f4xx/stm32f4xx_hal.o
 .debug_info    0x000011b8     0x1734 ./system/src/stm32f4xx/stm32f4xx_hal_cortex.o
 .debug_info    0x000028ec      0x956 ./system/src/newlib/_exit.o
 .debug_info    0x00003242      0x942 ./system/src/newlib/_sbrk.o
 .debug_info    0x00003b84      0x42e ./system/src/newlib/_startup.o
 .debug_info    0x00003fb2      0xa19 ./system/src/newlib/_syscalls.o
 .debug_info    0x000049cb      0xb2a ./system/src/diag/Trace.o
 .debug_info    0x000054f5      0x3b3 ./system/src/diag/trace_impl.o
 .debug_info    0x000058a8      0x2fa ./system/src/cortexm/_initialize_hardware.o
 .debug_info    0x00005ba2     0x119f ./system/src/cortexm/exception_handlers.o
 .debug_info    0x00006d41       0x22 ./system/src/cmsis/startup_stm32f407xx.o
 .debug_info    0x00006d63      0x4df ./system/src/cmsis/system_stm32f4xx.o
 .debug_info    0x00007242      0x744 ./src/Timer.o
 .debug_info    0x00007986      0xaa7 ./src/main.o

.debug_abbrev   0x00000000     0x1c06
 *(.debug_abbrev)
 .debug_abbrev  0x00000000      0x2e5 ./system/src/stm32f4xx/stm32f4xx_hal.o
 .debug_abbrev  0x000002e5      0x3d6 ./system/src/stm32f4xx/stm32f4xx_hal_cortex.o
 .debug_abbrev  0x000006bb      0x1f3 ./system/src/newlib/_exit.o
 .debug_abbrev  0x000008ae      0x1fc ./system/src/newlib/_sbrk.o
 .debug_abbrev  0x00000aaa      0x1b3 ./system/src/newlib/_startup.o
 .debug_abbrev  0x00000c5d      0x234 ./system/src/newlib/_syscalls.o
 .debug_abbrev  0x00000e91      0x276 ./system/src/diag/Trace.o
 .debug_abbrev  0x00001107      0x1e2 ./system/src/diag/trace_impl.o
 .debug_abbrev  0x000012e9       0xea ./system/src/cortexm/_initialize_hardware.o
 .debug_abbrev  0x000013d3      0x32b ./system/src/cortexm/exception_handlers.o
 .debug_abbrev  0x000016fe       0x12 ./system/src/cmsis/startup_stm32f407xx.o
 .debug_abbrev  0x00001710      0x111 ./system/src/cmsis/system_stm32f4xx.o
 .debug_abbrev  0x00001821      0x1ba ./src/Timer.o
 .debug_abbrev  0x000019db      0x22b ./src/main.o

.debug_line     0x00000000     0x3a66
 *(.debug_line)
 .debug_line    0x00000000      0x876 ./system/src/stm32f4xx/stm32f4xx_hal.o
 .debug_line    0x00000876      0x8d1 ./system/src/stm32f4xx/stm32f4xx_hal_cortex.o
 .debug_line    0x00001147      0x3b7 ./system/src/newlib/_exit.o
 .debug_line    0x000014fe      0x36b ./system/src/newlib/_sbrk.o
 .debug_line    0x00001869      0x425 ./system/src/newlib/_startup.o
 .debug_line    0x00001c8e      0x49b ./system/src/newlib/_syscalls.o
 .debug_line    0x00002129      0x433 ./system/src/diag/Trace.o
 .debug_line    0x0000255c      0x4c6 ./system/src/diag/trace_impl.o
 .debug_line    0x00002a22      0x1b4 ./system/src/cortexm/_initialize_hardware.o
 .debug_line    0x00002bd6      0x588 ./system/src/cortexm/exception_handlers.o
 .debug_line    0x0000315e       0x88 ./system/src/cmsis/startup_stm32f407xx.o
 .debug_line    0x000031e6      0x1ba ./system/src/cmsis/system_stm32f4xx.o
 .debug_line    0x000033a0      0x218 ./src/Timer.o
 .debug_line    0x000035b8      0x4ae ./src/main.o

.debug_frame    0x00000000      0xa5c
 *(.debug_frame)
 .debug_frame   0x00000000      0x1cc ./system/src/stm32f4xx/stm32f4xx_hal.o
 .debug_frame   0x000001cc      0x15c ./system/src/stm32f4xx/stm32f4xx_hal_cortex.o
 .debug_frame   0x00000328       0x38 ./system/src/newlib/_exit.o
 .debug_frame   0x00000360       0x28 ./system/src/newlib/_sbrk.o
 .debug_frame   0x00000388       0x7c ./system/src/newlib/_startup.o
 .debug_frame   0x00000404       0x50 ./system/src/newlib/_syscalls.o
 .debug_frame   0x00000454       0x94 ./system/src/diag/Trace.o
 .debug_frame   0x000004e8       0x64 ./system/src/diag/trace_impl.o
 .debug_frame   0x0000054c       0x40 ./system/src/cortexm/_initialize_hardware.o
 .debug_frame   0x0000058c      0x158 ./system/src/cortexm/exception_handlers.o
 .debug_frame   0x000006e4       0x30 ./system/src/cmsis/system_stm32f4xx.o
 .debug_frame   0x00000714       0x58 ./src/Timer.o
 .debug_frame   0x0000076c       0x28 ./src/main.o
 .debug_frame   0x00000794       0x20 e:/eclipse_workspace/software&toolchain/gcc-arm-none-eabi-7-2017-q4-major-win32/bin/../lib/gcc/arm-none-eabi/7.2.1/../../../../arm-none-eabi/lib/thumb/v7e-m\libg_nano.a(lib_a-errno.o)
 .debug_frame   0x000007b4       0x28 e:/eclipse_workspace/software&toolchain/gcc-arm-none-eabi-7-2017-q4-major-win32/bin/../lib/gcc/arm-none-eabi/7.2.1/../../../../arm-none-eabi/lib/thumb/v7e-m\libg_nano.a(lib_a-memcpy-stub.o)
 .debug_frame   0x000007dc       0x4c e:/eclipse_workspace/software&toolchain/gcc-arm-none-eabi-7-2017-q4-major-win32/bin/../lib/gcc/arm-none-eabi/7.2.1/../../../../arm-none-eabi/lib/thumb/v7e-m\libg_nano.a(lib_a-vsnprintf.o)
 .debug_frame   0x00000828       0x90 e:/eclipse_workspace/software&toolchain/gcc-arm-none-eabi-7-2017-q4-major-win32/bin/../lib/gcc/arm-none-eabi/7.2.1/../../../../arm-none-eabi/lib/thumb/v7e-m\libg_nano.a(lib_a-nano-svfprintf.o)
 .debug_frame   0x000008b8       0x60 e:/eclipse_workspace/software&toolchain/gcc-arm-none-eabi-7-2017-q4-major-win32/bin/../lib/gcc/arm-none-eabi/7.2.1/../../../../arm-none-eabi/lib/thumb/v7e-m\libg_nano.a(lib_a-nano-vfprintf_i.o)
 .debug_frame   0x00000918       0x28 e:/eclipse_workspace/software&toolchain/gcc-arm-none-eabi-7-2017-q4-major-win32/bin/../lib/gcc/arm-none-eabi/7.2.1/../../../../arm-none-eabi/lib/thumb/v7e-m\libg_nano.a(lib_a-memmove.o)
 .debug_frame   0x00000940       0x38 e:/eclipse_workspace/software&toolchain/gcc-arm-none-eabi-7-2017-q4-major-win32/bin/../lib/gcc/arm-none-eabi/7.2.1/../../../../arm-none-eabi/lib/thumb/v7e-m\libg_nano.a(lib_a-nano-freer.o)
 .debug_frame   0x00000978       0x2c e:/eclipse_workspace/software&toolchain/gcc-arm-none-eabi-7-2017-q4-major-win32/bin/../lib/gcc/arm-none-eabi/7.2.1/../../../../arm-none-eabi/lib/thumb/v7e-m\libg_nano.a(lib_a-nano-mallocr.o)
 .debug_frame   0x000009a4       0x3c e:/eclipse_workspace/software&toolchain/gcc-arm-none-eabi-7-2017-q4-major-win32/bin/../lib/gcc/arm-none-eabi/7.2.1/../../../../arm-none-eabi/lib/thumb/v7e-m\libg_nano.a(lib_a-nano-reallocr.o)
 .debug_frame   0x000009e0       0x2c e:/eclipse_workspace/software&toolchain/gcc-arm-none-eabi-7-2017-q4-major-win32/bin/../lib/gcc/arm-none-eabi/7.2.1/../../../../arm-none-eabi/lib/thumb/v7e-m\libg_nano.a(lib_a-sbrkr.o)
 .debug_frame   0x00000a0c       0x30 e:/eclipse_workspace/software&toolchain/gcc-arm-none-eabi-7-2017-q4-major-win32/bin/../lib/gcc/arm-none-eabi/7.2.1/../../../../arm-none-eabi/lib/thumb/v7e-m\libg_nano.a(lib_a-mlock.o)
 .debug_frame   0x00000a3c       0x20 e:/eclipse_workspace/software&toolchain/gcc-arm-none-eabi-7-2017-q4-major-win32/bin/../lib/gcc/arm-none-eabi/7.2.1/../../../../arm-none-eabi/lib/thumb/v7e-m\libg_nano.a(lib_a-nano-msizer.o)

.debug_str      0x00000000    0xc10ed
 *(.debug_str)
 .debug_str     0x00000000    0xbddeb ./system/src/stm32f4xx/stm32f4xx_hal.o
                              0xbe23b (size before relaxing)
 .debug_str     0x000bddeb      0x3b6 ./system/src/stm32f4xx/stm32f4xx_hal_cortex.o
                              0xbdf7d (size before relaxing)
 .debug_str     0x000be1a1     0x10ff ./system/src/newlib/_exit.o
                               0x7ea5 (size before relaxing)
 .debug_str     0x000bf2a0      0x4f5 ./system/src/newlib/_sbrk.o
                               0x7257 (size before relaxing)
 .debug_str     0x000bf795      0x260 ./system/src/newlib/_startup.o
                               0x6992 (size before relaxing)
 .debug_str     0x000bf9f5      0xe8b ./system/src/newlib/_syscalls.o
                               0x8132 (size before relaxing)
 .debug_str     0x000c0880      0x183 ./system/src/diag/Trace.o
                               0x861d (size before relaxing)
 .debug_str     0x000c0a03      0x36d ./system/src/diag/trace_impl.o
                              0x88260 (size before relaxing)
 .debug_str     0x000c0d70       0x5e ./system/src/cortexm/_initialize_hardware.o
                              0x84049 (size before relaxing)
 .debug_str     0x000c0dce      0x1a6 ./system/src/cortexm/exception_handlers.o
                              0x8947d (size before relaxing)
 .debug_str     0x000c0f74       0x39 ./system/src/cmsis/startup_stm32f407xx.o
                                 0x67 (size before relaxing)
 .debug_str     0x000c0fad       0x95 ./system/src/cmsis/system_stm32f4xx.o
                              0x84156 (size before relaxing)
 .debug_str     0x000c1042       0x76 ./src/Timer.o
                              0x84627 (size before relaxing)
 .debug_str     0x000c10b8       0x35 ./src/main.o
                              0x897c8 (size before relaxing)

.debug_loc      0x00000000      0xffc
 *(.debug_loc)
 .debug_loc     0x00000000       0xfd ./system/src/stm32f4xx/stm32f4xx_hal.o
 .debug_loc     0x000000fd      0x5ce ./system/src/stm32f4xx/stm32f4xx_hal_cortex.o
 .debug_loc     0x000006cb       0x85 ./system/src/newlib/_sbrk.o
 .debug_loc     0x00000750      0x1a9 ./system/src/newlib/_startup.o
 .debug_loc     0x000008f9       0x63 ./system/src/newlib/_syscalls.o
 .debug_loc     0x0000095c       0xf6 ./system/src/diag/Trace.o
 .debug_loc     0x00000a52      0x121 ./system/src/diag/trace_impl.o
 .debug_loc     0x00000b73      0x291 ./system/src/cortexm/exception_handlers.o
 .debug_loc     0x00000e04      0x13e ./system/src/cmsis/system_stm32f4xx.o
 .debug_loc     0x00000f42       0x59 ./src/Timer.o
 .debug_loc     0x00000f9b       0x61 ./src/main.o

.debug_macinfo
 *(.debug_macinfo)

.debug_weaknames
 *(.debug_weaknames)

.debug_funcnames
 *(.debug_funcnames)

.debug_typenames
 *(.debug_typenames)

.debug_varnames
 *(.debug_varnames)
OUTPUT(stm32f4discoblinky.elf elf32-littlearm)

.debug_ranges   0x00000000      0x408
 .debug_ranges  0x00000000       0xd0 ./system/src/stm32f4xx/stm32f4xx_hal.o
 .debug_ranges  0x000000d0       0xf8 ./system/src/stm32f4xx/stm32f4xx_hal_cortex.o
 .debug_ranges  0x000001c8       0x18 ./system/src/newlib/_exit.o
 .debug_ranges  0x000001e0       0x10 ./system/src/newlib/_sbrk.o
 .debug_ranges  0x000001f0       0x78 ./system/src/newlib/_startup.o
 .debug_ranges  0x00000268       0x20 ./system/src/newlib/_syscalls.o
 .debug_ranges  0x00000288       0x28 ./system/src/diag/Trace.o
 .debug_ranges  0x000002b0       0x50 ./system/src/diag/trace_impl.o
 .debug_ranges  0x00000300       0x18 ./system/src/cortexm/_initialize_hardware.o
 .debug_ranges  0x00000318       0x80 ./system/src/cortexm/exception_handlers.o
 .debug_ranges  0x00000398       0x20 ./system/src/cmsis/startup_stm32f407xx.o
 .debug_ranges  0x000003b8       0x18 ./system/src/cmsis/system_stm32f4xx.o
 .debug_ranges  0x000003d0       0x28 ./src/Timer.o
 .debug_ranges  0x000003f8       0x10 ./src/main.o

.debug_macro    0x00000000    0x20edc
 .debug_macro   0x00000000      0x390 ./system/src/stm32f4xx/stm32f4xx_hal.o
 .debug_macro   0x00000390      0xa5a ./system/src/stm32f4xx/stm32f4xx_hal.o
 .debug_macro   0x00000dea      0x191 ./system/src/stm32f4xx/stm32f4xx_hal.o
 .debug_macro   0x00000f7b       0x32 ./system/src/stm32f4xx/stm32f4xx_hal.o
 .debug_macro   0x00000fad       0x2f ./system/src/stm32f4xx/stm32f4xx_hal.o
 .debug_macro   0x00000fdc      0x34e ./system/src/stm32f4xx/stm32f4xx_hal.o
 .debug_macro   0x0000132a       0x35 ./system/src/stm32f4xx/stm32f4xx_hal.o
 .debug_macro   0x0000135f       0x50 ./system/src/stm32f4xx/stm32f4xx_hal.o
 .debug_macro   0x000013af      0xe66 ./system/src/stm32f4xx/stm32f4xx_hal.o
 .debug_macro   0x00002215    0x15d08 ./system/src/stm32f4xx/stm32f4xx_hal.o
 .debug_macro   0x00017f1d       0x43 ./system/src/stm32f4xx/stm32f4xx_hal.o
 .debug_macro   0x00017f60     0x3535 ./system/src/stm32f4xx/stm32f4xx_hal.o
 .debug_macro   0x0001b495       0x22 ./system/src/stm32f4xx/stm32f4xx_hal.o
 .debug_macro   0x0001b4b7       0x52 ./system/src/stm32f4xx/stm32f4xx_hal.o
 .debug_macro   0x0001b509       0x17 ./system/src/stm32f4xx/stm32f4xx_hal.o
 .debug_macro   0x0001b520       0x8d ./system/src/stm32f4xx/stm32f4xx_hal.o
 .debug_macro   0x0001b5ad       0x35 ./system/src/stm32f4xx/stm32f4xx_hal.o
 .debug_macro   0x0001b5e2       0x9c ./system/src/stm32f4xx/stm32f4xx_hal.o
 .debug_macro   0x0001b67e       0x16 ./system/src/stm32f4xx/stm32f4xx_hal.o
 .debug_macro   0x0001b694       0x57 ./system/src/stm32f4xx/stm32f4xx_hal.o
 .debug_macro   0x0001b6eb       0x97 ./system/src/stm32f4xx/stm32f4xx_hal.o
 .debug_macro   0x0001b782      0x330 ./system/src/stm32f4xx/stm32f4xx_hal.o
 .debug_macro   0x0001bab2       0xfd ./system/src/stm32f4xx/stm32f4xx_hal.o
 .debug_macro   0x0001bbaf       0x10 ./system/src/stm32f4xx/stm32f4xx_hal.o
 .debug_macro   0x0001bbbf       0x58 ./system/src/stm32f4xx/stm32f4xx_hal.o
 .debug_macro   0x0001bc17       0x1f ./system/src/stm32f4xx/stm32f4xx_hal.o
 .debug_macro   0x0001bc36       0x43 ./system/src/stm32f4xx/stm32f4xx_hal.o
 .debug_macro   0x0001bc79       0x20 ./system/src/stm32f4xx/stm32f4xx_hal.o
 .debug_macro   0x0001bc99      0x18e ./system/src/stm32f4xx/stm32f4xx_hal.o
 .debug_macro   0x0001be27       0x10 ./system/src/stm32f4xx/stm32f4xx_hal.o
 .debug_macro   0x0001be37       0x6a ./system/src/stm32f4xx/stm32f4xx_hal.o
 .debug_macro   0x0001bea1       0x1c ./system/src/stm32f4xx/stm32f4xx_hal.o
 .debug_macro   0x0001bebd       0x52 ./system/src/stm32f4xx/stm32f4xx_hal.o
 .debug_macro   0x0001bf0f       0x40 ./system/src/stm32f4xx/stm32f4xx_hal.o
 .debug_macro   0x0001bf4f       0x10 ./system/src/stm32f4xx/stm32f4xx_hal.o
 .debug_macro   0x0001bf5f       0x40 ./system/src/stm32f4xx/stm32f4xx_hal.o
 .debug_macro   0x0001bf9f       0xd7 ./system/src/stm32f4xx/stm32f4xx_hal.o
 .debug_macro   0x0001c076       0x1c ./system/src/stm32f4xx/stm32f4xx_hal.o
 .debug_macro   0x0001c092       0x3d ./system/src/stm32f4xx/stm32f4xx_hal.o
 .debug_macro   0x0001c0cf       0x16 ./system/src/stm32f4xx/stm32f4xx_hal.o
 .debug_macro   0x0001c0e5      0x16f ./system/src/stm32f4xx/stm32f4xx_hal.o
 .debug_macro   0x0001c254       0x57 ./system/src/stm32f4xx/stm32f4xx_hal.o
 .debug_macro   0x0001c2ab      0x96b ./system/src/stm32f4xx/stm32f4xx_hal.o
 .debug_macro   0x0001cc16      0xa02 ./system/src/stm32f4xx/stm32f4xx_hal.o
 .debug_macro   0x0001d618      0x11e ./system/src/stm32f4xx/stm32f4xx_hal.o
 .debug_macro   0x0001d736      0x13e ./system/src/stm32f4xx/stm32f4xx_hal.o
 .debug_macro   0x0001d874       0x27 ./system/src/stm32f4xx/stm32f4xx_hal.o
 .debug_macro   0x0001d89b      0x287 ./system/src/stm32f4xx/stm32f4xx_hal.o
 .debug_macro   0x0001db22       0x5f ./system/src/stm32f4xx/stm32f4xx_hal.o
 .debug_macro   0x0001db81      0x23a ./system/src/stm32f4xx/stm32f4xx_hal.o
 .debug_macro   0x0001ddbb      0x133 ./system/src/stm32f4xx/stm32f4xx_hal.o
 .debug_macro   0x0001deee      0x21e ./system/src/stm32f4xx/stm32f4xx_hal.o
 .debug_macro   0x0001e10c       0x2e ./system/src/stm32f4xx/stm32f4xx_hal.o
 .debug_macro   0x0001e13a      0x1a7 ./system/src/stm32f4xx/stm32f4xx_hal.o
 .debug_macro   0x0001e2e1       0xa5 ./system/src/stm32f4xx/stm32f4xx_hal.o
 .debug_macro   0x0001e386      0x192 ./system/src/stm32f4xx/stm32f4xx_hal.o
 .debug_macro   0x0001e518       0x40 ./system/src/stm32f4xx/stm32f4xx_hal.o
 .debug_macro   0x0001e558       0x3c ./system/src/stm32f4xx/stm32f4xx_hal.o
 .debug_macro   0x0001e594      0x11e ./system/src/stm32f4xx/stm32f4xx_hal.o
 .debug_macro   0x0001e6b2       0x7f ./system/src/stm32f4xx/stm32f4xx_hal.o
 .debug_macro   0x0001e731       0x89 ./system/src/stm32f4xx/stm32f4xx_hal.o
 .debug_macro   0x0001e7ba      0x202 ./system/src/stm32f4xx/stm32f4xx_hal.o
 .debug_macro   0x0001e9bc      0x1df ./system/src/stm32f4xx/stm32f4xx_hal.o
 .debug_macro   0x0001eb9b       0x68 ./system/src/stm32f4xx/stm32f4xx_hal.o
 .debug_macro   0x0001ec03      0x134 ./system/src/stm32f4xx/stm32f4xx_hal.o
 .debug_macro   0x0001ed37      0x330 ./system/src/stm32f4xx/stm32f4xx_hal_cortex.o
 .debug_macro   0x0001f067      0x1b4 ./system/src/newlib/_exit.o
 .debug_macro   0x0001f21b      0x10e ./system/src/newlib/_exit.o
 .debug_macro   0x0001f329       0x8d ./system/src/newlib/_exit.o
 .debug_macro   0x0001f3b6       0x35 ./system/src/newlib/_exit.o
 .debug_macro   0x0001f3eb      0x169 ./system/src/newlib/_sbrk.o
 .debug_macro   0x0001f554      0x174 ./system/src/newlib/_sbrk.o
 .debug_macro   0x0001f6c8       0x10 ./system/src/newlib/_sbrk.o
 .debug_macro   0x0001f6d8      0x23b ./system/src/newlib/_sbrk.o
 .debug_macro   0x0001f913      0x173 ./system/src/newlib/_startup.o
 .debug_macro   0x0001fa86      0x217 ./system/src/newlib/_syscalls.o
 .debug_macro   0x0001fc9d       0x1c ./system/src/newlib/_syscalls.o
 .debug_macro   0x0001fcb9       0x10 ./system/src/newlib/_syscalls.o
 .debug_macro   0x0001fcc9       0x10 ./system/src/newlib/_syscalls.o
 .debug_macro   0x0001fcd9       0x10 ./system/src/newlib/_syscalls.o
 .debug_macro   0x0001fce9       0x35 ./system/src/newlib/_syscalls.o
 .debug_macro   0x0001fd1e      0x122 ./system/src/newlib/_syscalls.o
 .debug_macro   0x0001fe40       0x88 ./system/src/newlib/_syscalls.o
 .debug_macro   0x0001fec8       0x2b ./system/src/newlib/_syscalls.o
 .debug_macro   0x0001fef3      0x118 ./system/src/newlib/_syscalls.o
 .debug_macro   0x0002000b      0x189 ./system/src/newlib/_syscalls.o
 .debug_macro   0x00020194       0x16 ./system/src/newlib/_syscalls.o
 .debug_macro   0x000201aa      0x1fb ./system/src/diag/Trace.o
 .debug_macro   0x000203a5       0x4c ./system/src/diag/Trace.o
 .debug_macro   0x000203f1       0x16 ./system/src/diag/Trace.o
 .debug_macro   0x00020407      0x204 ./system/src/diag/trace_impl.o
 .debug_macro   0x0002060b       0x10 ./system/src/diag/trace_impl.o
 .debug_macro   0x0002061b       0xcf ./system/src/diag/trace_impl.o
 .debug_macro   0x000206ea       0xbe ./system/src/diag/trace_impl.o
 .debug_macro   0x000207a8       0x22 ./system/src/diag/trace_impl.o
 .debug_macro   0x000207ca       0x95 ./system/src/cortexm/_initialize_hardware.o
 .debug_macro   0x0002085f      0x24e ./system/src/cortexm/exception_handlers.o
 .debug_macro   0x00020aad       0x3b ./system/src/cortexm/exception_handlers.o
 .debug_macro   0x00020ae8       0x10 ./system/src/cortexm/exception_handlers.o
 .debug_macro   0x00020af8       0x9d ./system/src/cmsis/system_stm32f4xx.o
 .debug_macro   0x00020b95       0xae ./src/Timer.o
 .debug_macro   0x00020c43       0x10 ./src/Timer.o
 .debug_macro   0x00020c53      0x289 ./src/main.o
